# serializer version: 1
# name: test_command_debug
  '''
  ╭─────────────────────────────────── Config ───────────────────────────────────╮
  │ File: pyproject.toml                                                         │
  │ Values:                                                                      │
  │ {                                                                            │
  │   "app": "app_example.main:app"                                              │
  │ }                                                                            │
  ╰──────────────────────────────────────────────────────────────────────────────╯
  ╭──────────────────────────────────── App ─────────────────────────────────────╮
  │ Test App - A sample application for testing (0.1.0)                          │
  ╰──────────────────────────────────────────────────────────────────────────────╯
  
  '''
# ---
